// Jest Snapshot v1, https://goo.gl/fbAQLP

exports[`LandingPageText matches snapshot 1`] = `
<div
  className="container mx-auto flex content-center justify-end "
>
  <div
    className="z-40"
  >
    <h1
      className="text-7xl uppercase text-gray-300 font-serif content-center mt-48 mr-80 "
    >
      Visit Iceland
    </h1>
  </div>
</div>
`;
